Archive member included because of file (symbol)

/usr/lib/gcc/avr/4.8.2/avr51/libgcc.a(_exit.o)
                              /usr/lib/gcc/avr/4.8.2/../../../avr/lib/avr51/crtusb1286.o (exit)
/usr/lib/gcc/avr/4.8.2/avr51/libgcc.a(_clear_bss.o)
                              usb_debug_only.o (__do_clear_bss)

Discarded input sections

 .bss           0x0000000000000000        0x0 /usr/lib/gcc/avr/4.8.2/../../../avr/lib/avr51/crtusb1286.o
 .text          0x0000000000000000        0x0 blinky.o
 .bss           0x0000000000000000        0x0 blinky.o
 .text          0x0000000000000000        0x0 usb_debug_only.o
 .text.usb_configured
                0x0000000000000000        0x6 usb_debug_only.o
 .text.usb_debug_putchar
                0x0000000000000000       0x84 usb_debug_only.o
 .text.usb_debug_flush_output
                0x0000000000000000       0x2e usb_debug_only.o
 .text          0x0000000000000000        0x0 print.o
 .bss           0x0000000000000000        0x0 print.o
 .text.print_P  0x0000000000000000       0x2c print.o
 .text.phex1    0x0000000000000000       0x10 print.o
 .text.phex     0x0000000000000000       0x16 print.o
 .text.phex16   0x0000000000000000       0x12 print.o
 .text          0x0000000000000000        0x0 /usr/lib/gcc/avr/4.8.2/avr51/libgcc.a(_exit.o)
 .bss           0x0000000000000000        0x0 /usr/lib/gcc/avr/4.8.2/avr51/libgcc.a(_exit.o)
 .text.libgcc.mul
                0x0000000000000000        0x0 /usr/lib/gcc/avr/4.8.2/avr51/libgcc.a(_exit.o)
 .text.libgcc.div
                0x0000000000000000        0x0 /usr/lib/gcc/avr/4.8.2/avr51/libgcc.a(_exit.o)
 .text.libgcc   0x0000000000000000        0x0 /usr/lib/gcc/avr/4.8.2/avr51/libgcc.a(_exit.o)
 .text.libgcc.prologue
                0x0000000000000000        0x0 /usr/lib/gcc/avr/4.8.2/avr51/libgcc.a(_exit.o)
 .text.libgcc.builtins
                0x0000000000000000        0x0 /usr/lib/gcc/avr/4.8.2/avr51/libgcc.a(_exit.o)
 .text.libgcc.fmul
                0x0000000000000000        0x0 /usr/lib/gcc/avr/4.8.2/avr51/libgcc.a(_exit.o)
 .text.libgcc.fixed
                0x0000000000000000        0x0 /usr/lib/gcc/avr/4.8.2/avr51/libgcc.a(_exit.o)
 .text          0x0000000000000000        0x0 /usr/lib/gcc/avr/4.8.2/avr51/libgcc.a(_clear_bss.o)
 .bss           0x0000000000000000        0x0 /usr/lib/gcc/avr/4.8.2/avr51/libgcc.a(_clear_bss.o)
 .text.libgcc.mul
                0x0000000000000000        0x0 /usr/lib/gcc/avr/4.8.2/avr51/libgcc.a(_clear_bss.o)
 .text.libgcc.div
                0x0000000000000000        0x0 /usr/lib/gcc/avr/4.8.2/avr51/libgcc.a(_clear_bss.o)
 .text.libgcc   0x0000000000000000        0x0 /usr/lib/gcc/avr/4.8.2/avr51/libgcc.a(_clear_bss.o)
 .text.libgcc.prologue
                0x0000000000000000        0x0 /usr/lib/gcc/avr/4.8.2/avr51/libgcc.a(_clear_bss.o)
 .text.libgcc.builtins
                0x0000000000000000        0x0 /usr/lib/gcc/avr/4.8.2/avr51/libgcc.a(_clear_bss.o)
 .text.libgcc.fmul
                0x0000000000000000        0x0 /usr/lib/gcc/avr/4.8.2/avr51/libgcc.a(_clear_bss.o)
 .text.libgcc.fixed
                0x0000000000000000        0x0 /usr/lib/gcc/avr/4.8.2/avr51/libgcc.a(_clear_bss.o)

Memory Configuration

Name             Origin             Length             Attributes
text             0x0000000000000000 0x0000000000020000 xr
data             0x0000000000800100 0x000000000000ff00 rw !x
eeprom           0x0000000000810000 0x0000000000010000 rw !x
fuse             0x0000000000820000 0x0000000000000400 rw !x
lock             0x0000000000830000 0x0000000000000400 rw !x
signature        0x0000000000840000 0x0000000000000400 rw !x
user_signatures  0x0000000000850000 0x0000000000000400 rw !x
*default*        0x0000000000000000 0xffffffffffffffff

Linker script and memory map

Address of section .data set to 0x800100
LOAD /usr/lib/gcc/avr/4.8.2/../../../avr/lib/avr51/crtusb1286.o
LOAD blinky.o
LOAD usb_debug_only.o
LOAD print.o
LOAD /usr/lib/gcc/avr/4.8.2/../../../avr/lib/avr51/libm.a
START GROUP
LOAD /usr/lib/gcc/avr/4.8.2/avr51/libgcc.a
LOAD /usr/lib/gcc/avr/4.8.2/../../../avr/lib/avr51/libm.a
LOAD /usr/lib/gcc/avr/4.8.2/../../../avr/lib/avr51/libc.a
END GROUP

.hash
 *(.hash)

.dynsym
 *(.dynsym)

.dynstr
 *(.dynstr)

.gnu.version
 *(.gnu.version)

.gnu.version_d
 *(.gnu.version_d)

.gnu.version_r
 *(.gnu.version_r)

.rel.init
 *(.rel.init)

.rela.init
 *(.rela.init)

.rel.text
 *(.rel.text)
 *(.rel.text.*)
 *(.rel.gnu.linkonce.t*)

.rela.text
 *(.rela.text)
 *(.rela.text.*)
 *(.rela.gnu.linkonce.t*)

.rel.fini
 *(.rel.fini)

.rela.fini
 *(.rela.fini)

.rel.rodata
 *(.rel.rodata)
 *(.rel.rodata.*)
 *(.rel.gnu.linkonce.r*)

.rela.rodata
 *(.rela.rodata)
 *(.rela.rodata.*)
 *(.rela.gnu.linkonce.r*)

.rel.data
 *(.rel.data)
 *(.rel.data.*)
 *(.rel.gnu.linkonce.d*)

.rela.data
 *(.rela.data)
 *(.rela.data.*)
 *(.rela.gnu.linkonce.d*)

.rel.ctors
 *(.rel.ctors)

.rela.ctors
 *(.rela.ctors)

.rel.dtors
 *(.rel.dtors)

.rela.dtors
 *(.rela.dtors)

.rel.got
 *(.rel.got)

.rela.got
 *(.rela.got)

.rel.bss
 *(.rel.bss)

.rela.bss
 *(.rela.bss)

.rel.plt
 *(.rel.plt)

.rela.plt
 *(.rela.plt)

.text           0x0000000000000000      0x50a
 *(.vectors)
 .vectors       0x0000000000000000       0x98 /usr/lib/gcc/avr/4.8.2/../../../avr/lib/avr51/crtusb1286.o
                0x0000000000000000                __vectors
                0x0000000000000000                __vector_default
 *(.vectors)
 *(.progmem.gcc*)
 *(.progmem*)
 .progmem.data  0x0000000000000098       0xbc usb_debug_only.o
                0x0000000000000154                . = ALIGN (0x2)
                0x0000000000000154                __trampolines_start = .
 *(.trampolines)
 .trampolines   0x0000000000000154        0x0 linker stubs
 *(.trampolines*)
                0x0000000000000154                __trampolines_end = .
 *(.jumptables)
 *(.jumptables*)
 *(.lowtext)
 *(.lowtext*)
                0x0000000000000154                __ctors_start = .
 *(.ctors)
                0x0000000000000154                __ctors_end = .
                0x0000000000000154                __dtors_start = .
 *(.dtors)
                0x0000000000000154                __dtors_end = .
 SORT(*)(.ctors)
 SORT(*)(.dtors)
 *(.init0)
 .init0         0x0000000000000154        0x0 /usr/lib/gcc/avr/4.8.2/../../../avr/lib/avr51/crtusb1286.o
                0x0000000000000154                __init
 *(.init0)
 *(.init1)
 *(.init1)
 *(.init2)
 .init2         0x0000000000000154        0xc /usr/lib/gcc/avr/4.8.2/../../../avr/lib/avr51/crtusb1286.o
 *(.init2)
 *(.init3)
 *(.init3)
 *(.init4)
 .init4         0x0000000000000160       0x10 /usr/lib/gcc/avr/4.8.2/avr51/libgcc.a(_clear_bss.o)
                0x0000000000000160                __do_clear_bss
 *(.init4)
 *(.init5)
 *(.init5)
 *(.init6)
 *(.init6)
 *(.init7)
 *(.init7)
 *(.init8)
 *(.init8)
 *(.init9)
 .init9         0x0000000000000170        0x4 /usr/lib/gcc/avr/4.8.2/../../../avr/lib/avr51/crtusb1286.o
 *(.init9)
 *(.text)
 .text          0x0000000000000174        0x2 /usr/lib/gcc/avr/4.8.2/../../../avr/lib/avr51/crtusb1286.o
                0x0000000000000174                __vector_22
                0x0000000000000174                __vector_28
                0x0000000000000174                __vector_1
                0x0000000000000174                __vector_32
                0x0000000000000174                __vector_34
                0x0000000000000174                __vector_24
                0x0000000000000174                __vector_12
                0x0000000000000174                __bad_interrupt
                0x0000000000000174                __vector_6
                0x0000000000000174                __vector_31
                0x0000000000000174                __vector_35
                0x0000000000000174                __vector_3
                0x0000000000000174                __vector_23
                0x0000000000000174                __vector_30
                0x0000000000000174                __vector_25
                0x0000000000000174                __vector_13
                0x0000000000000174                __vector_17
                0x0000000000000174                __vector_19
                0x0000000000000174                __vector_7
                0x0000000000000174                __vector_27
                0x0000000000000174                __vector_5
                0x0000000000000174                __vector_33
                0x0000000000000174                __vector_37
                0x0000000000000174                __vector_4
                0x0000000000000174                __vector_9
                0x0000000000000174                __vector_2
                0x0000000000000174                __vector_21
                0x0000000000000174                __vector_15
                0x0000000000000174                __vector_36
                0x0000000000000174                __vector_29
                0x0000000000000174                __vector_8
                0x0000000000000174                __vector_26
                0x0000000000000174                __vector_14
                0x0000000000000174                __vector_16
                0x0000000000000174                __vector_18
                0x0000000000000174                __vector_20
                0x0000000000000176                . = ALIGN (0x2)
 *(.text.*)
 .text.startup.main
                0x0000000000000176       0x5c blinky.o
                0x0000000000000176                main
 .text.usb_wait_in_ready
                0x00000000000001d2        0xa usb_debug_only.o
 .text.usb_init
                0x00000000000001dc       0x2e usb_debug_only.o
                0x00000000000001dc                usb_init
 .text.__vector_10
                0x000000000000020a       0x7e usb_debug_only.o
                0x000000000000020a                __vector_10
 .text.__vector_11
                0x0000000000000288      0x27e usb_debug_only.o
                0x0000000000000288                __vector_11
                0x0000000000000506                . = ALIGN (0x2)
 *(.fini9)
 .fini9         0x0000000000000506        0x0 /usr/lib/gcc/avr/4.8.2/avr51/libgcc.a(_exit.o)
                0x0000000000000506                exit
                0x0000000000000506                _exit
 *(.fini9)
 *(.fini8)
 *(.fini8)
 *(.fini7)
 *(.fini7)
 *(.fini6)
 *(.fini6)
 *(.fini5)
 *(.fini5)
 *(.fini4)
 *(.fini4)
 *(.fini3)
 *(.fini3)
 *(.fini2)
 *(.fini2)
 *(.fini1)
 *(.fini1)
 *(.fini0)
 .fini0         0x0000000000000506        0x4 /usr/lib/gcc/avr/4.8.2/avr51/libgcc.a(_exit.o)
 *(.fini0)
                0x000000000000050a                _etext = .

.data           0x0000000000800100        0x0 load address 0x000000000000050a
                0x0000000000800100                PROVIDE (__data_start, .)
 *(.data)
 .data          0x0000000000800100        0x0 /usr/lib/gcc/avr/4.8.2/../../../avr/lib/avr51/crtusb1286.o
 .data          0x0000000000800100        0x0 blinky.o
 .data          0x0000000000800100        0x0 usb_debug_only.o
 .data          0x0000000000800100        0x0 print.o
 .data          0x0000000000800100        0x0 /usr/lib/gcc/avr/4.8.2/avr51/libgcc.a(_exit.o)
 .data          0x0000000000800100        0x0 /usr/lib/gcc/avr/4.8.2/avr51/libgcc.a(_clear_bss.o)
 *(.data*)
 *(.rodata)
 *(.rodata*)
 *(.gnu.linkonce.d*)
                0x0000000000800100                . = ALIGN (0x2)
                0x0000000000800100                _edata = .
                0x0000000000800100                PROVIDE (__data_end, .)

.bss            0x0000000000800100        0x3
                0x0000000000800100                PROVIDE (__bss_start, .)
 *(.bss)
 .bss           0x0000000000800100        0x3 usb_debug_only.o
 *(.bss*)
 *(COMMON)
                0x0000000000800103                PROVIDE (__bss_end, .)
                0x000000000000050a                __data_load_start = LOADADDR (.data)
                0x000000000000050a                __data_load_end = (__data_load_start + SIZEOF (.data))

.noinit         0x0000000000800103        0x0
                0x0000000000800103                PROVIDE (__noinit_start, .)
 *(.noinit*)
                0x0000000000800103                PROVIDE (__noinit_end, .)
                0x0000000000800103                _end = .
                0x0000000000800103                PROVIDE (__heap_start, .)

.eeprom         0x0000000000810000        0x0
 *(.eeprom*)
                0x0000000000810000                __eeprom_end = .

.fuse
 *(.fuse)
 *(.lfuse)
 *(.hfuse)
 *(.efuse)

.lock
 *(.lock*)

.signature
 *(.signature*)

.user_signatures
 *(.user_signatures*)

.stab           0x0000000000000000      0x6cc
 *(.stab)
 .stab          0x0000000000000000      0x6cc /usr/lib/gcc/avr/4.8.2/../../../avr/lib/avr51/crtusb1286.o

.stabstr        0x0000000000000000       0x54
 *(.stabstr)
 .stabstr       0x0000000000000000       0x54 /usr/lib/gcc/avr/4.8.2/../../../avr/lib/avr51/crtusb1286.o

.stab.excl
 *(.stab.excl)

.stab.exclstr
 *(.stab.exclstr)

.stab.index
 *(.stab.index)

.stab.indexstr
 *(.stab.indexstr)

.comment        0x0000000000000000       0x11
 *(.comment)
 .comment       0x0000000000000000       0x11 blinky.o
                                         0x12 (size before relaxing)
 .comment       0x0000000000000000       0x12 usb_debug_only.o
 .comment       0x0000000000000000       0x12 print.o

.debug
 *(.debug)

.line
 *(.line)

.debug_srcinfo
 *(.debug_srcinfo)

.debug_sfnames
 *(.debug_sfnames)

.debug_aranges  0x0000000000000000       0xa8
 *(.debug_aranges)
 .debug_aranges
                0x0000000000000000       0x20 blinky.o
 .debug_aranges
                0x0000000000000020       0x50 usb_debug_only.o
 .debug_aranges
                0x0000000000000070       0x38 print.o

.debug_pubnames
 *(.debug_pubnames)

.debug_info     0x0000000000000000      0x9d9
 *(.debug_info)
 .debug_info    0x0000000000000000      0x1c0 blinky.o
 .debug_info    0x00000000000001c0      0x61b usb_debug_only.o
 .debug_info    0x00000000000007db      0x1fe print.o
 *(.gnu.linkonce.wi.*)

.debug_abbrev   0x0000000000000000      0x3b0
 *(.debug_abbrev)
 .debug_abbrev  0x0000000000000000       0xe9 blinky.o
 .debug_abbrev  0x00000000000000e9      0x1ad usb_debug_only.o
 .debug_abbrev  0x0000000000000296      0x11a print.o

.debug_line     0x0000000000000000      0x39c
 *(.debug_line)
 .debug_line    0x0000000000000000       0xe2 blinky.o
 .debug_line    0x00000000000000e2      0x208 usb_debug_only.o
 .debug_line    0x00000000000002ea       0xb2 print.o

.debug_frame    0x0000000000000000      0x1b8
 *(.debug_frame)
 .debug_frame   0x0000000000000000       0x24 blinky.o
 .debug_frame   0x0000000000000024      0x11c usb_debug_only.o
 .debug_frame   0x0000000000000140       0x78 print.o

.debug_str      0x0000000000000000      0x37f
 *(.debug_str)
 .debug_str     0x0000000000000000      0x162 blinky.o
                                        0x196 (size before relaxing)
 .debug_str     0x0000000000000162      0x1fb usb_debug_only.o
                                        0x358 (size before relaxing)
 .debug_str     0x000000000000035d       0x22 print.o
                                        0x17e (size before relaxing)

.debug_loc      0x0000000000000000      0x940
 *(.debug_loc)
 .debug_loc     0x0000000000000000      0x7a6 usb_debug_only.o
 .debug_loc     0x00000000000007a6      0x19a print.o

.debug_macinfo
 *(.debug_macinfo)

.debug_pubtypes
 *(.debug_pubtypes)

.debug_ranges   0x0000000000000000       0xa8
 *(.debug_ranges)
 .debug_ranges  0x0000000000000000       0x10 blinky.o
 .debug_ranges  0x0000000000000010       0x70 usb_debug_only.o
 .debug_ranges  0x0000000000000080       0x28 print.o

.debug_macro
 *(.debug_macro)
OUTPUT(blinky.elf elf32-avr)
LOAD linker stubs

Cross Reference Table

Symbol                                            File
__bad_interrupt                                   /usr/lib/gcc/avr/4.8.2/../../../avr/lib/avr51/crtusb1286.o
__bss_end                                         /usr/lib/gcc/avr/4.8.2/avr51/libgcc.a(_clear_bss.o)
__bss_start                                       /usr/lib/gcc/avr/4.8.2/avr51/libgcc.a(_clear_bss.o)
__do_clear_bss                                    /usr/lib/gcc/avr/4.8.2/avr51/libgcc.a(_clear_bss.o)
                                                  usb_debug_only.o
__heap_end                                        /usr/lib/gcc/avr/4.8.2/../../../avr/lib/avr51/crtusb1286.o
__init                                            /usr/lib/gcc/avr/4.8.2/../../../avr/lib/avr51/crtusb1286.o
__stack                                           /usr/lib/gcc/avr/4.8.2/../../../avr/lib/avr51/crtusb1286.o
__vector_1                                        /usr/lib/gcc/avr/4.8.2/../../../avr/lib/avr51/crtusb1286.o
__vector_10                                       usb_debug_only.o
                                                  /usr/lib/gcc/avr/4.8.2/../../../avr/lib/avr51/crtusb1286.o
__vector_11                                       usb_debug_only.o
                                                  /usr/lib/gcc/avr/4.8.2/../../../avr/lib/avr51/crtusb1286.o
__vector_12                                       /usr/lib/gcc/avr/4.8.2/../../../avr/lib/avr51/crtusb1286.o
__vector_13                                       /usr/lib/gcc/avr/4.8.2/../../../avr/lib/avr51/crtusb1286.o
__vector_14                                       /usr/lib/gcc/avr/4.8.2/../../../avr/lib/avr51/crtusb1286.o
__vector_15                                       /usr/lib/gcc/avr/4.8.2/../../../avr/lib/avr51/crtusb1286.o
__vector_16                                       /usr/lib/gcc/avr/4.8.2/../../../avr/lib/avr51/crtusb1286.o
__vector_17                                       /usr/lib/gcc/avr/4.8.2/../../../avr/lib/avr51/crtusb1286.o
__vector_18                                       /usr/lib/gcc/avr/4.8.2/../../../avr/lib/avr51/crtusb1286.o
__vector_19                                       /usr/lib/gcc/avr/4.8.2/../../../avr/lib/avr51/crtusb1286.o
__vector_2                                        /usr/lib/gcc/avr/4.8.2/../../../avr/lib/avr51/crtusb1286.o
__vector_20                                       /usr/lib/gcc/avr/4.8.2/../../../avr/lib/avr51/crtusb1286.o
__vector_21                                       /usr/lib/gcc/avr/4.8.2/../../../avr/lib/avr51/crtusb1286.o
__vector_22                                       /usr/lib/gcc/avr/4.8.2/../../../avr/lib/avr51/crtusb1286.o
__vector_23                                       /usr/lib/gcc/avr/4.8.2/../../../avr/lib/avr51/crtusb1286.o
__vector_24                                       /usr/lib/gcc/avr/4.8.2/../../../avr/lib/avr51/crtusb1286.o
__vector_25                                       /usr/lib/gcc/avr/4.8.2/../../../avr/lib/avr51/crtusb1286.o
__vector_26                                       /usr/lib/gcc/avr/4.8.2/../../../avr/lib/avr51/crtusb1286.o
__vector_27                                       /usr/lib/gcc/avr/4.8.2/../../../avr/lib/avr51/crtusb1286.o
__vector_28                                       /usr/lib/gcc/avr/4.8.2/../../../avr/lib/avr51/crtusb1286.o
__vector_29                                       /usr/lib/gcc/avr/4.8.2/../../../avr/lib/avr51/crtusb1286.o
__vector_3                                        /usr/lib/gcc/avr/4.8.2/../../../avr/lib/avr51/crtusb1286.o
__vector_30                                       /usr/lib/gcc/avr/4.8.2/../../../avr/lib/avr51/crtusb1286.o
__vector_31                                       /usr/lib/gcc/avr/4.8.2/../../../avr/lib/avr51/crtusb1286.o
__vector_32                                       /usr/lib/gcc/avr/4.8.2/../../../avr/lib/avr51/crtusb1286.o
__vector_33                                       /usr/lib/gcc/avr/4.8.2/../../../avr/lib/avr51/crtusb1286.o
__vector_34                                       /usr/lib/gcc/avr/4.8.2/../../../avr/lib/avr51/crtusb1286.o
__vector_35                                       /usr/lib/gcc/avr/4.8.2/../../../avr/lib/avr51/crtusb1286.o
__vector_36                                       /usr/lib/gcc/avr/4.8.2/../../../avr/lib/avr51/crtusb1286.o
__vector_37                                       /usr/lib/gcc/avr/4.8.2/../../../avr/lib/avr51/crtusb1286.o
__vector_4                                        /usr/lib/gcc/avr/4.8.2/../../../avr/lib/avr51/crtusb1286.o
__vector_5                                        /usr/lib/gcc/avr/4.8.2/../../../avr/lib/avr51/crtusb1286.o
__vector_6                                        /usr/lib/gcc/avr/4.8.2/../../../avr/lib/avr51/crtusb1286.o
__vector_7                                        /usr/lib/gcc/avr/4.8.2/../../../avr/lib/avr51/crtusb1286.o
__vector_8                                        /usr/lib/gcc/avr/4.8.2/../../../avr/lib/avr51/crtusb1286.o
__vector_9                                        /usr/lib/gcc/avr/4.8.2/../../../avr/lib/avr51/crtusb1286.o
__vector_default                                  /usr/lib/gcc/avr/4.8.2/../../../avr/lib/avr51/crtusb1286.o
__vectors                                         /usr/lib/gcc/avr/4.8.2/../../../avr/lib/avr51/crtusb1286.o
_exit                                             /usr/lib/gcc/avr/4.8.2/avr51/libgcc.a(_exit.o)
exit                                              /usr/lib/gcc/avr/4.8.2/avr51/libgcc.a(_exit.o)
                                                  /usr/lib/gcc/avr/4.8.2/../../../avr/lib/avr51/crtusb1286.o
main                                              blinky.o
                                                  /usr/lib/gcc/avr/4.8.2/../../../avr/lib/avr51/crtusb1286.o
phex                                              print.o
phex1                                             print.o
phex16                                            print.o
print_P                                           print.o
usb_configured                                    usb_debug_only.o
usb_debug_flush_output                            usb_debug_only.o
usb_debug_putchar                                 usb_debug_only.o
                                                  print.o
usb_init                                          usb_debug_only.o
                                                  blinky.o
